Git Examples
From RDuval Wiki

GIT Notes

GIT Reference

1. http://gitref.org/
2. Don't forget you have an electronic copy of the Pro Git book.


Original GIT repository

C:\Users\rduval\git\SelRc_Examples

Cloned Repository Location

C:\Users\rduval\git2\

GIT Actions 1. Clone

To collaborate with someone on a project or to get a copy of a project so you can look at or use the code
you will clone it. 
You simply run the git clone [url] command with the URL of the project you want to copy.
Process to Clone Repository
------------------------------------------
1. Got to location of clone:  
 C:\Users\rduval>cd git2
2. Clone syntax:
  C:\Users\rduval\git2>git clone C:\Users\rduval\git\SelRc_Examples
  Cloning into 'SelRc_Examples'...
  done.
3. Verify clone:
  C:\Users\rduval\git2>ls
  SelRc_Examples
  C:\Users\rduval\git2>cd SelRc_Examples
  C:\Users\rduval\git2\SelRc_Examples>ls
  SeleniumRC_Examples  SeleniumTestExamples
  C:\Users\rduval\git2\SelRc_Examples>cd SeleniumRC_Examples
  C:\Users\rduval\git2\SelRc_Examples\SeleniumRC_Examples>ls
  pom.xml  src
  C:\Users\rduval\git2\SelRc_Examples\SeleniumRC_Examples>ls src
  TestBrowsers
  C:\Users\rduval\git2\SelRc_Examples\SeleniumRC_Examples>cd src
  C:\Users\rduval\git2\SelRc_Examples\SeleniumRC_Examples\src>ls -l
  total 4
  drwx------+ 1 Administrators None 0 Apr 28 22:11 TestBrowsers

2. branch

C:\Users\rduval\git2\SelRc_Examples>git status 
# On branch master
nothing to commit, working directory clean
-
C:\Users\rduval\git2\SelRc_Examples>git branch
* master
-
C:\Users\rduval\git2\SelRc_Examples>git branch next
-
C:\Users\rduval\git2\SelRc_Examples>git branch
* master
  next

3. checkout

C:\Users\rduval\git2\SelRc_Examples>git checkout next
Switched to branch 'next'
-
C:\Users\rduval\git2\SelRc_Examples>git branch
  master
* next

4. add

C:\Users\rduval\git2\SelRc_Examples\SeleniumRC_Examples\src\TestBrowsers>git status
# On branch next
# Untracked files:
#   (use "git add <file>..." to include in what will be committed)
#
#       GitTestAdd.txt
nothing added to commit but untracked files present (use "git add" to track)
-
C:\Users\rduval\git2\SelRc_Examples\SeleniumRC_Examples\src\TestBrowsers>git branch
  master
* next
---------
C:\Users\rduval\git2\SelRc_Examples>git status
# On branch next
# Untracked files:
#   (use "git add <file>..." to include in what will be committed)
#
#       SeleniumRC_Examples/src/TestBrowsers/GitTestAdd.txt
nothing added to commit but untracked files present (use "git add" to track)
---------
C:\Users\rduval\git2\SelRc_Examples>git add SeleniumRC_Examples/src/TestBrowsers/GitTestAdd.txt
-
C:\Users\rduval\git2\SelRc_Examples>git status
# On branch next
# Changes to be committed:
#   (use "git reset HEAD <file>..." to unstage)
#
#       new file:   SeleniumRC_Examples/src/TestBrowsers/GitTestAdd.txt
#
C:\Users\rduval\git2\SelRc_Examples>

5. commit

C:\Users\rduval\git2\SelRc_Examples>git commit -s
---------------------
note this opens up vi
---------------------
# 
Signed-off-by: RDuval <rduvalwag@gmail.com>
#
# Please enter the commit message for your changes. Lines starting
# with '#' will be ignored, and an empty message aborts the commit.
# On branch next
# Changes to be committed:
#   (use "git reset HEAD <file>..." to unstage)
#
#       new file:   SeleniumRC_Examples/src/TestBrowsers/GitTestAdd.txt
#
--------------------
add text and save
--------------------
C:\Users\rduval\git2\SelRc_Examples>git commit -s
[next 5cab947] Add file Signed-off-by: RDuval <rduvalwag@gmail.com>
1 file changed, 1 insertion(+)
create mode 100644 SeleniumRC_Examples/src/TestBrowsers/GitTestAdd.txt
--------------------
C:\Users\rduval\git2\SelRc_Examples\SeleniumRC_Examples\src\TestBrowsers>ls
GitTestAdd.txt            Test_Google_IE.java            Test_StartServer_IE.java  package-info.java
Test_Google_FireFox.java  Test_StartServer_Firefox.java  TestbrowserSuite.java     test_StartServer_Chrome.java
---------------------
C:\Users\rduval\git\SelRc_Examples\SeleniumRC_Examples\src\TestBrowsers>ls
Test_Google_FireFox.java  Test_StartServer_Firefox.java  TestbrowserSuite.java  test_StartServer_Chrome.java
Test_Google_IE.java       Test_StartServer_IE.java       package-info.java

6. merge

C:\Users\rduval\git2\SelRc_Examples>git merge next
Updating dd33c47..5cab947
Fast-forward
 SeleniumRC_Examples/src/TestBrowsers/GitTestAdd.txt | 1 +
 1 file changed, 1 insertion(+)
 create mode 100644 SeleniumRC_Examples/src/TestBrowsers/GitTestAdd.txt
-
C:\Users\rduval\git2\SelRc_Examples>git status
# On branch master
# Your branch is ahead of 'origin/master' by 1 commit.
#   (use "git push" to publish your local commits)
#
nothing to commit, working directory clean

7. push

C:\Users\rduval\git2\SelRc_Examples>git push origin
warning: push.default is unset; its implicit value is changing in
Git 2.0 from 'matching' to 'simple'. To squelch this message
and maintain the current behavior after the default changes, use:
-
  git config --global push.default matching
-
To squelch this message and adopt the new behavior now, use:
-
  git config --global push.default simple
-
See 'git help config' and search for 'push.default' for further information.
(the 'simple' mode was introduced in Git 1.7.11. Use the similar mode
'current' instead of 'simple' if you sometimes use older versions of Git)
-
Counting objects: 10, done.
Delta compression using up to 2 threads.
Compressing objects: 100% (4/4), done.
Writing objects: 100% (6/6), 496 bytes, done.
Total 6 (delta 2), reused 0 (delta 0)
To C:\Users\rduval\git\SelRc_Examples
   dd33c47..5cab947  master -> master
-------------------------------------------------
C:\Users\rduval\git\SelRc_Examples\SeleniumRC_Examples\src\TestBrowsers>git push
warning: push.default is unset; its implicit value is changing in
Git 2.0 from 'matching' to 'simple'. To squelch this message
and maintain the current behavior after the default changes, use:
-
 git config --global push.default matching
-
To squelch this message and adopt the new behavior now, use:
-
 git config --global push.default simple
-
See 'git help config' and search for 'push.default' for further information.
(the 'simple' mode was introduced in Git 1.7.11. Use the similar mode
'current' instead of 'simple' if you sometimes use older versions of Git)
-
Username for 'https://github.com': rduvalwa5
Password for 'https://rduvalwa5@github.com': <------------- red1dawg
Everything up-to-date
-
C:\Users\rduval\git\SelRc_Examples\SeleniumRC_Examples\src\TestBrowsers>
---------------------------------------
push after adding 3rd text file
---------------------------------------
C:\Users\rduval\git\SelRc_Examples\SeleniumRC_Examples\src\TestBrowsers>git push git@github.com:rduvalwa5/SelRC_Example
warning: push.default is unset; its implicit value is changing in
Git 2.0 from 'matching' to 'simple'. To squelch this message
and maintain the current behavior after the default changes, use:
-
 git config --global push.default matching
-
To squelch this message and adopt the new behavior now, use:
-
 git config --global push.default simple
-
See 'git help config' and search for 'push.default' for further information.
(the 'simple' mode was introduced in Git 1.7.11. Use the similar mode
'current' instead of 'simple' if you sometimes use older versions of Git)
-
Warning: Permanently added the RSA host key for IP address '192.30.252.129' to the list of known hosts.
Permission denied (publickey).
fatal: Could not read from remote repository.
-
Please make sure you have the correct access rights and the repository exists.
-------------------------------
Note 
On local GitHub app I see the file pushed to the application
but not on on line GitHub
-------------------------------
C:\Users\rduval\git\SelRc_Examples>git push
warning: push.default is unset; its implicit value is changing in
Git 2.0 from 'matching' to 'simple'. To squelch this message
and maintain the current behavior after the default changes, use:
-
 git config --global push.default matching
-
To squelch this message and adopt the new behavior now, use:
-
  git config --global push.default simple
-
See 'git help config' and search for 'push.default' for further information.
(the 'simple' mode was introduced in Git 1.7.11. Use the similar mode
'current' instead of 'simple' if you sometimes use older versions of Git)
-
Username for 'https://github.com': rduvalwa5
Password for 'https://rduvalwa5@github.com':
Counting objects: 9, done.
Delta compression using up to 2 threads.
Compressing objects: 100% (4/4), done.
Writing objects: 100% (5/5), 443 bytes, done.
Total 5 (delta 2), reused 0 (delta 0)
To https://github.com/rduvalwa5/SelRc_Examples.git
  dd33c47..75d3256  master -> master
C:\Users\rduval\git\SelRc_Examples>
----------------------------------------------
Note I think this worked best
----------------------------------------------
C:\Users\rduval\git\SelRc_Examples>git push -u origin master

Username for 'https://github.com': rduvalwa5 Password for 'https://rduvalwa5@github.com': Branch master set up to track remote branch master from origin. Everything up-to-date

-----------------From GitHub--------------------------

Create a new repository on the command line
-
touch README.md
git init
git add README.md
git commit -m "first commit"
git remote add origin https://github.com/rduvalwa5/SelRcExample.git
git push -u origin master
Push an existing repository from the command line
-
git remote add origin https://github.com/rduvalwa5/SelRcExample.git
git push -u origin master
---------------------------------------

C:\Users\rduval\git\SelRc_Examples>


rebase

C:\Users\rduval\git\SelRc_Examples\SeleniumRC_Examples\src\TestBrowsers>git rebase master
First, rewinding head to replay your work on top of it...
Fast-forwarded Next to master.
-
C:\Users\rduval\git\SelRc_Examples\SeleniumRC_Examples\src\TestBrowsers>ls
GitTestAdd.txt            Test_Google_IE.java            Test_StartServer_IE.java  package-info.java
Test_Google_FireFox.java  Test_StartServer_Firefox.java  TestbrowserSuite.java     test_StartServer_Chrome.java
-
C:\Users\rduval\git\SelRc_Examples\SeleniumRC_Examples\src\TestBrowsers>git status
# On branch Next
# Your branch is ahead of 'origin/Next' by 1 commit.
#   (use "git push" to publish your local commits)
#
nothing to commit, working directory clean
C:\Users\rduval\git\SelRc_Examples\SeleniumRC_Examples\src\TestBrowsers>
