*********************************************************
Mysql Location
*********************************************************
OsxAir:bin rduvalwa2$ pwd
/usr/local/mysql/bin
OsxAir:bin rduvalwa2$ ls
innochecksum			mysql_config_editor		mysqlcheck			mysqlslap
lz4_decompress			mysql_embedded			mysqld				mysqltest_embedded
my_print_defaults		mysql_install_db		mysqld-debug			mysqlxtest
myisam_ftdump			mysql_plugin			mysqld_multi			perror
myisamchk			mysql_secure_installation	mysqld_safe			replace
myisamlog			mysql_ssl_rsa_setup		mysqldump			resolve_stack_dump
myisampack			mysql_tzinfo_to_sql		mysqldumpslow			resolveip
mysql				mysql_upgrade			mysqlimport			zlib_decompress
mysql_client_test_embedded	mysqladmin			mysqlpump
mysql_config			mysqlbinlog			mysqlshow
OsxAir:bin rduvalwa2$ 


*********************************************************
OsxAir:bin rdu
/* Create Remote access */
*********************************************************

— On host server:
base 'root'
RandalluvalsMBP:~ rduvalwa2$ mysql -u root -p
Enter password: 
Welcome to the MySQL monitor.  Commands end with ; or \g.
Your MySQL connection id is 6
Server version: 5.7.14 MySQL Community Server (GPL)

Copyright (c) 2000, 2016, Oracle and/or its affiliates. All rights reserved.

Oracle is a registered trademark of Oracle Corporation and/or its
affiliates. Other names may be trademarks of their respective
owners.

Type 'help;' or '\h' for help. Type '\c' to clear the current input statement.

mysql> GRANT ALL ON music.* TO `rduvalwa2`@'10.0.0.57' IDENTIFIED BY 'blu4jazz'; 
Query OK, 0 rows affected, 1 warning (0.06 sec)

mysql> 

— On Client server:
C1246895-OSX:~ rduvalwa2$ mysql -u rduvalwa2 -p -h 10.0.0.11
Enter password: 
Welcome to the MySQL monitor.  Commands end with ; or \g.
Your MySQL connection id is 7
Server version: 5.7.14 MySQL Community Server (GPL)

Copyright (c) 2000, 2016, Oracle and/or its affiliates. All rights reserved.

Oracle is a registered trademark of Oracle Corporation and/or its
affiliates. Other names may be trademarks of their respective
owners.

Type 'help;' or '\h' for help. Type '\c' to clear the current input statement.

mysql> connect music;
Reading table information for completion of table and column names
You can turn off this feature to get a quicker startup with -A

Connection id:    8
Current database: music

mysql> show tables;
+-----------------------+
| Tables_in_music       |
+-----------------------+
| Counts                |
| album2songs           |
| album_covers          |
| artist                |
| artist_albums         |
| derived_album2songs   |
| derived_album_covers  |
| derived_artist        |
| derived_artist_albums |
| derived_genre         |
| genre                 |
| normal_song           |
| temp_album_covers     |
| temp_albums           |
+-----------------------+
14 rows in set (0.12 sec


/* After initial Mysql installation */

mySql pwd for root:

 01/10/2020

2020-01-12T00:43:20.919832Z 1 [Note] A temporary password is generated for root@localhost: 4qyQXsaaaO&r

If you lose this password, please consult the section How to Reset the Root Password in the MySQL reference manual.

2020-01-11T07:14:33.205477Z 1 [Note] A temporary password is generated for root@localhost: fxW2ktFy>r%q
If you lose this password, please consult the section How to Reset the Root Password in the MySQL reference manual.

./mysql -u root -p



Use the mysqladmin command-line utility to alter the MySQL password, using the following syntax:
    1 mysqladmin --user=root password "newpassword"
    2 /opt/lampp/bin/mysqladmin --user=root password "gue55me"
    3 mysqladmin --user=root --password=oldpassword password "newpassword"

Trace:
C1246895-OSX:~ rduvalwa2$ mysql -u root -p
Enter password: 
Welcome to the MySQL monitor.  Commands end with ; or \g.
Your MySQL connection id is 41
Server version: 5.7.14

Copyright (c) 2000, 2016, Oracle and/or its affiliates. All rights reserved.

Oracle is a registered trademark of Oracle Corporation and/or its
affiliates. Other names may be trademarks of their respective
owners.

Type 'help;' or '\h' for help. Type '\c' to clear the current input statement.

mysql> quit
Bye

C1246895-OSX:~ rduvalwa2$ mysqladmin --user=root -p password blu4jazz
Enter password: 
mysqladmin: [Warning] Using a password on the command line interface can be insecure.
Warning: Since password will be sent to server in plain text, use ssl connection to ensure password safety.

C1246895-OSX:~ rduvalwa2$ mysql -u root -p
Enter password: blu4jazz
Welcome to the MySQL monitor.  Commands end with ; or \g.
Your MySQL connection id is 47
Server version: 5.7.14 MySQL Community Server (GPL)

Copyright (c) 2000, 2016, Oracle and/or its affiliates. All rights reserved.

Oracle is a registered trademark of Oracle Corporation and/or its
affiliates. Other names may be trademarks of their respective
owners.

Type 'help;' or '\h' for help. Type '\c' to clear the current input statement.

mysql> quit
Bye
C1246895-OSX:~ rduvalwa2$ 





C1246895-OSX:bin rduvalwa2$ ./mysql -u root -p
Enter password:  blu4jazz
Welcome to the MySQL monitor.  Commands end with ; or \g.
Your MySQL connection id is 19
Server version: 5.7.12 MySQL Community Server (GPL)

Copyright (c) 2000, 2016, Oracle and/or its affiliates. All rights reserved.

Oracle is a registered trademark of Oracle Corporation and/or its
affiliates. Other names may be trademarks of their respective
owners.

Type 'help;' or '\h' for help. Type '\c' to clear the current input statement.

mysql> show databases;
+--------------------+
| Database           |
+--------------------+
| information_schema |
| mysql              |
| performance_schema |
| sys                |
+--------------------+
4 rows in set (0.01 sec)

mysql> 

shell> mysql --user=user_name --password db_name
Enter password: your_password


https://community.jaspersoft.com/wiki/uninstall-mysql-mac-os-x

Table of Contents [hide]
    • 		Summary
    • 		Symptom
    • 		Resolution
Summary
To completely uninstall MySql OS X it is neccessary to remove numerous files.
Symptom
You unable to install an older version of MySql even though you thought you have removed everything.
Resolution
To uninstall MySQL and completely remove it (including all databases) from your Mac do the following:
    • Open a terminal window
    • Use mysqldump to backup your databases to text files!
    • Stop the database server
    • sudo rm /usr/local/mysql
    • sudo rm -rf /usr/local/mysql*
    • sudo rm -rf /Library/StartupItems/MySQLCOM
    • sudo rm -rf /Library/PreferencePanes/My*
    • edit /etc/hostconfig and remove the line MYSQLCOM=-YES-
    • rm -rf ~/Library/PreferencePanes/My*
    • sudo rm -rf /Library/Receipts/mysql*
    • sudo rm -rf /Library/Receipts/MySQL*
    • sudo rm -rf /private/var/db/receipts/*mysql*
The last three lines are particularly important as otherwise, you can't install an older version of MySQL even though you think that you've completely deleted the newer version!

C1246895-OSX:bin rduvalwa2$ ./mysqladmin -u root password blu4jazz -p
Enter password: 
mysqladmin: [Warning] Using a password on the command line interface can be insecure.
Warning: Since password will be sent to server in plain text, use ssl connection to ensure password safety.
C1246895-OSX:bin rduvalwa2$ mysql -u root -p
-bash: mysql: command not found
C1246895-OSX:bin rduvalwa2$ ./mysql -u root -p
Enter password: 
Welcome to the MySQL monitor.  Commands end with ; or \g.
Your MySQL connection id is 15
Server version: 5.7.12 MySQL Community Server (GPL)

Copyright (c) 2000, 2016, Oracle and/or its affiliates. All rights reserved.

Oracle is a registered trademark of Oracle Corporation and/or its
affiliates. Other names may be trademarks of their respective
owners.

Type 'help;' or '\h' for help. Type '\c' to clear the current input statement.

mysql> 


1.  Create User:


*********************************************************
Localtion of Mysql
*********************************************************

OsxAir:/ rduvalwa2$ cd /usr/local
OsxAir:local rduvalwa2$ ls
Caskroom						mysql
Cellar							mysql-5.7.28-macos10.14-x86_64
Frameworks						mysql-connector-odbc-8.0.16-macos10.14-x86-64bit
Homebrew						opt
bin							sbin
etc							share
include							var
lib
OsxAir:local rduvalwa2$ ls -l
total 0
drwxrwxr-x   2 rduvalwa2  admin   64 Dec 16 16:35 Caskroom
drwxrwxr-x   2 rduvalwa2  admin   64 Dec 16 16:35 Cellar
drwxrwxr-x   2 rduvalwa2  admin   64 Dec 16 16:35 Frameworks
drwxrwxr-x  20 rduvalwa2  admin  640 Dec 16 16:35 Homebrew
drwxrwxr-x  16 rduvalwa2  admin  512 Dec 16 16:35 bin
drwxrwxr-x   3 rduvalwa2  admin   96 Dec 16 16:38 etc
drwxrwxr-x   2 rduvalwa2  admin   64 Dec 16 16:35 include
drwx------   4 rduvalwa2  wheel  128 Dec  3 22:02 lib
lrwxr-xr-x   1 root       wheel   30 Dec 19 15:49 mysql -> mysql-5.7.28-macos10.14-x86_64
drwxr-xr-x  13 root       wheel  416 Dec 19 15:50 mysql-5.7.28-macos10.14-x86_64
drwxr-xr-x  10 root       wheel  320 Dec 19 15:53 mysql-connector-odbc-8.0.16-macos10.14-x86-64bit
drwxrwxr-x   2 rduvalwa2  admin   64 Dec 16 16:35 opt
drwxrwxr-x   2 rduvalwa2  admin   64 Dec 16 16:35 sbin
drwxrwxr-x   6 rduvalwa2  admin  192 Dec 16 16:38 share
drwxrwxr-x   3 rduvalwa2  admin   96 Dec 16 16:35 var
OsxAir:local rduvalwa2$ cd mysql
OsxAir:mysql rduvalwa2$ ls
LICENSE		bin		docs		keyring		man		support-files
README		data		include		lib		share
OsxAir:mysql rduvalwa2$ cd bin
OsxAir:bin rduvalwa2$ ls
innochecksum			mysql_config_editor		mysqlcheck			mysqlslap
lz4_decompress			mysql_embedded			mysqld				mysqltest_embedded
my_print_defaults		mysql_install_db		mysqld-debug			mysqlxtest
myisam_ftdump			mysql_plugin			mysqld_multi			perror
myisamchk			mysql_secure_installation	mysqld_safe			replace
myisamlog			mysql_ssl_rsa_setup		mysqldump			resolve_stack_dump
myisampack			mysql_tzinfo_to_sql		mysqldumpslow			resolveip
mysql				mysql_upgrade			mysqlimport			zlib_decompress
mysql_client_test_embedded	mysqladmin			mysqlpump
mysql_config			mysqlbinlog			mysqlshow
OsxAir:bin rduvalwa2$ ./mysql
ERROR 1045 (28000): Access denied for user 'rduvalwa2'@'localhost' (using password: NO)
OsxAir:bin rduvalwa2$ ./mysql -u root -p
Enter password: 
ERROR 1045 (28000): Access denied for user 'root'@'localhost' (using password: YES)
OsxAir:bin rduvalwa2$ ./mysql -u root -p
Enter password: 
ERROR 1045 (28000): Access denied for user 'root'@'localhost' (using password: YES)

*********************************************************
Login to Mysql at command line (note default password saved from install

2020-12-19T23:49:54.289906Z 1 [Note] A temporary password is generated for root@localhost: D5hkVQE7Jj-y

If you lose this password, please consult the section How to Reset the Root Password in the MySQL reference manual.
*********************************************************

OsxAir:bin rduvalwa2$ ./mysql -u root -p
Enter password: 
Welcome to the MySQL monitor.  Commands end with ; or \g.
Your MySQL connection id is 11
Server version: 5.7.28

Copyright (c) 2000, 2019, Oracle and/or its affiliates. All rights reserved.

Oracle is a registered trademark of Oracle Corporation and/or its
affiliates. Other names may be trademarks of their respective
owners.

Type 'help;' or '\h' for help. Type '\c' to clear the current input statement.

2020-12-19T23:49:54.289906Z 1 [Note] A temporary password is generated for root@localhost: D5hkVQE7Jj-y

If you lose this password, please consult the section How to Reset the Root Password in the MySQL reference manual.

*********************************************************
Change root pass word

https://dev.mysql.com/doc/refman/8.0/en/resetting-permissions.html
*********************************************************

mysql> ALTER USER 'root'@'localhost' IDENTIFIED BY 'blu4jazz';
Query OK, 0 rows affected (0.00 sec)

mysql> 


*********************************************************
Add new user
*********************************************************

CREATE USER 'rduvalwa2'@'localhost' IDENTIFIED BY 'blu4jazz';

GRANT ALL PRIVILEGES ON * . * TO 'rduvalwa2'@'localhost';

OsxAir:bin rduvalwa2$ ./mysql -u rduvalwa2 -p
Enter password: 
Welcome to the MySQL monitor.  Commands end with ; or \g.
Your MySQL connection id is 13
Server version: 5.7.28 MySQL Community Server (GPL)

Copyright (c) 2000, 2019, Oracle and/or its affiliates. All rights reserved.

Oracle is a registered trademark of Oracle Corporation and/or its
affiliates. Other names may be trademarks of their respective
owners.

Type 'help;' or '\h' for help. Type '\c' to clear the current input statement.

mysql> 

*********************************************************
Create Data Base
*********************************************************

https://www.mysqltutorial.org/mysql-create-database/

mysql> create database Music;
Query OK, 1 row affected (0.00 sec)

mysql> show databases;
+--------------------+
| Database           |
+--------------------+
| information_schema |
| Music              |
| mysql              |
| performance_schema |
| sys                |
+--------------------+
5 rows in set (0.00 sec)

mysql> exit

*********************************************************
Mysql Location
*********************************************************
OsxAir:bin rduvalwa2$ pwd
/usr/local/mysql/bin
OsxAir:bin rduvalwa2$ ls
innochecksum			mysql_config_editor		mysqlcheck			mysqlslap
lz4_decompress			mysql_embedded			mysqld				mysqltest_embedded
my_print_defaults		mysql_install_db		mysqld-debug			mysqlxtest
myisam_ftdump			mysql_plugin			mysqld_multi			perror
myisamchk			mysql_secure_installation	mysqld_safe			replace
myisamlog			mysql_ssl_rsa_setup		mysqldump			resolve_stack_dump
myisampack			mysql_tzinfo_to_sql		mysqldumpslow			resolveip
mysql				mysql_upgrade			mysqlimport			zlib_decompress
mysql_client_test_embedded	mysqladmin			mysqlpump
mysql_config			mysqlbinlog			mysqlshow
OsxAir:bin rduvalwa2$ 

